


78K0R Linker W1.51                            Date:20 Oct 2013 Page:   1

Command:   -yC:\Program Files (x86)\Renesas Electronics\CubeSuite+\Devic
           e\RL78\Devicefile -_msgoff -dr_lk.dr -oDefaultBuild\USRT_TX_w
           ith_sample_code.lmf -gi00000000000000000000h -go04h,1E00h,512
            -gb0FFFFE0H -mi0 -s -pDefaultBuild\USRT_TX_with_sample_code.
           map C:\Program Files (x86)\Renesas Electronics\CubeSuite+\CA7
           8K0R\V1.30\lib78k0r\s0rll.rel DefaultBuild\r_main.rel Default
           Build\r_systeminit.rel DefaultBuild\r_cg_cgc.rel DefaultBuild
           \r_cg_cgc_user.rel DefaultBuild\r_cg_port.rel DefaultBuild\r_
           cg_port_user.rel DefaultBuild\r_cg_intc.rel DefaultBuild\r_cg
           _intc_user.rel DefaultBuild\r_cg_serial.rel DefaultBuild\r_cg
           _serial_user.rel DefaultBuild\r_cg_timer.rel DefaultBuild\r_c
           g_timer_user.rel DefaultBuild\r_cg_wdt.rel DefaultBuild\r_cg_
           wdt_user.rel DefaultBuild\Application.rel -bcl0ram.lib -bcl0r
           m.lib -bcl0rmf.lib -iC:\Program Files (x86)\Renesas Electroni
           cs\CubeSuite+\CA78K0R\V1.30\lib78k0r
Para-file:
Out-file:  DefaultBuild\USRT_TX_with_sample_code.lmf
Map-file:  DefaultBuild\USRT_TX_with_sample_code.map
Direc-file:r_lk.dr
Directive: ;/***********************************************************
           ***********************************************************
           ;* DISCLAIMER
           ;* This software is supplied by Renesas Electronics Corporati
           on and is only 
           ;* intended for use with Renesas products. No other uses are 
           authorized. This 
           ;* software is owned by Renesas Electronics Corporation and i
           s protected under 
           ;* all applicable laws, including copyright laws.
           ;* THIS SOFTWARE IS PROVIDED "AS IS" AND RENESAS MAKES NO WAR
           RANTIES REGARDING 
           ;* THIS SOFTWARE, WHETHER EXPRESS, IMPLIED OR STATUTORY, INCL
           UDING BUT NOT 
           ;* LIMITED TO WARRANTIES OF MERCHANTABILITY, FITNESS FOR A PA
           RTICULAR PURPOSE 
           ;* AND NON-INFRINGEMENT.  ALL SUCH WARRANTIES ARE EXPRESSLY D
           ISCLAIMED.
           ;* TO THE MAXIMUM EXTENT PERMITTED NOT PROHIBITED BY LAW, NEI
           THER RENESAS 
           ;* ELECTRONICS CORPORATION NOR ANY OF ITS AFFILIATED COMPANIE
           S SHALL BE LIABLE 
           ;* FOR ANY DIRECT, INDIRECT, SPECIAL, INCIDENTAL OR CONSEQUEN
           TIAL DAMAGES FOR 
           ;* ANY REASON RELATED TO THIS SOFTWARE, EVEN IF RENESAS OR IT
           S AFFILIATES HAVE 
           ;* BEEN ADVISED OF THE POSSIBILITY OF SUCH DAMAGES.
           ;* Renesas reserves the right, without notice, to make change
           s to this software 
           ;* and to discontinue the availability of this software.  By 
           using this software, 
           ;* you agree to the additional terms and conditions found by 
           accessing the 
           ;* following link:
           ;* http://www.renesas.com/disclaimer
           ;*
           ;* Copyright (C) 2011 Renesas Electronics Corporation. All ri
           ghts reserved.
           ;************************************************************
           **********************************************************/
           
           ;/*
           ;************************************************************
           ***********************************************************
           ;* File Name    : r_lk.dr
           ;* Version      : CodeGenerator for RL78/G12 V1.02.01 [11 Oct
            2011]
           ;* Device(s)    : R5F102A8
           ;* Tool-Chain   : CA78K0R
           ;* Description  : This is the link file.
           ;* Creation Date: 10/19/2013
           ;************************************************************
           ***********************************************************
           ;*/
           ; [Sample of Link Directive File]
           ; ***********************************************************
           **
           ; Link Directive File is created by users when memory or segm
           ent
           ; location needs to be changed from the default as the follow
           ing
           ; cases, for instance:
           ;    1. In case the stack area should be in fixed area
           ;    2. In case the external memory should be used
           ;
           ; Please change the start address, the size of memory, 
           ; and the name of memory or segment according to your system,
           
           ; and link this file with -D linker option if necessary.
           ;
           ;   MEMORY directive : Declares an address in installed memor
           y.
           ;                      Devides memory into two or more areas 
           and
           ;                      specifies a memory area
           ;   MERGE directive  : Specifies location of a segment
           ; ***********************************************************
           **
           
           ; <Example on how to specify the stack area>
           ;  Please specify the linker option -SSTK.
           ;  The stack area should be in the internal RAM area.
           ;
           ;      START ADDRESS, STACK SIZE
           ;memory STK : ( 0FB000H, 100H )
           ; <Example of locating data in external memory>
           ; The section name output by C compiler can be changed with
           ; #pragma section function.
           ;
           ; If the name of ROMization-related section which has global
           ; variables with initial values is changed, the modification 
           of
           ; C start-up routine will be required. 
           ; Please refer the CC78K0R C Compiler Language User's Manual 
           
           ; Language Chap.11 in detail.
           ;
           ; ex. This is the example of renaming the @@DATAL segment.
           ;   #pragma section @@DATAL EXTDATA
           ;
           ;   By the following directives, "EXTDATA" segment is located
            in EXMEM area.
           ;
           ;        START ADDRESS, MEMORY SIZE


*** Link information ***

    45 output segment(s)
  71FH byte(s) real data
   649 symbol(s) defined


*** Memory map ***


  SPACE=REGULAR

  MEMORY=ROM
  BASE ADDRESS=00000H   SIZE=02000H
         OUTPUT   INPUT    INPUT      BASE      SIZE
         SEGMENT  SEGMENT  MODULE     ADDRESS
         @@VECT00                     00000H    00002H  CSEG AT
                  @@VECT00 @cstart    00000H    00002H
         @@CNST                       00002H    00000H  CSEG UNITP
                  @@CNST   @cstart    00002H    00000H
                  @@CNST   r_main     00002H    00000H
                  @@CNST   r_systeminit
                                      00002H    00000H
                  @@CNST   r_cg_cgc   00002H    00000H
                  @@CNST   r_cg_cgc_user
                                      00002H    00000H
                  @@CNST   r_cg_port
                                      00002H    00000H
                  @@CNST   r_cg_port_user
                                      00002H    00000H
                  @@CNST   r_cg_intc
                                      00002H    00000H
                  @@CNST   r_cg_intc_user
                                      00002H    00000H
                  @@CNST   r_cg_serial
                                      00002H    00000H
                  @@CNST   r_cg_serial_user
                                      00002H    00000H
                  @@CNST   r_cg_timer
                                      00002H    00000H
                  @@CNST   r_cg_timer_user
                                      00002H    00000H
                  @@CNST   r_cg_wdt   00002H    00000H
                  @@CNST   r_cg_wdt_user
                                      00002H    00000H
                  @@CNST   Application
                                      00002H    00000H
         @@CNSTL                      00002H    00000H  CSEG PAGE64KP
                  @@CNSTL  @cstart    00002H    00000H
         @@CNSTL                      00002H    00000H  CSEG PAGE64KP
                  @@CNSTL  r_main     00002H    00000H
         @@CNSTL                      00002H    00000H  CSEG PAGE64KP
                  @@CNSTL  r_systeminit
                                      00002H    00000H
         @@CNSTL                      00002H    00000H  CSEG PAGE64KP
                  @@CNSTL  r_cg_cgc   00002H    00000H
         @@CNSTL                      00002H    00000H  CSEG PAGE64KP
                  @@CNSTL  r_cg_cgc_user
                                      00002H    00000H
         @@CNSTL                      00002H    00000H  CSEG PAGE64KP
                  @@CNSTL  r_cg_port
                                      00002H    00000H
         @@CNSTL                      00002H    00000H  CSEG PAGE64KP
                  @@CNSTL  r_cg_port_user
                                      00002H    00000H
         @@CNSTL                      00002H    00000H  CSEG PAGE64KP
                  @@CNSTL  r_cg_intc
                                      00002H    00000H
         @@CNSTL                      00002H    00000H  CSEG PAGE64KP
                  @@CNSTL  r_cg_intc_user
                                      00002H    00000H
         @@CNSTL                      00002H    00000H  CSEG PAGE64KP
                  @@CNSTL  r_cg_serial
                                      00002H    00000H
         @@CNSTL                      00002H    00000H  CSEG PAGE64KP
                  @@CNSTL  r_cg_serial_user
                                      00002H    00000H
         @@CNSTL                      00002H    00000H  CSEG PAGE64KP
                  @@CNSTL  r_cg_timer
                                      00002H    00000H
         @@CNSTL                      00002H    00000H  CSEG PAGE64KP
                  @@CNSTL  r_cg_timer_user
                                      00002H    00000H
         @@CNSTL                      00002H    00000H  CSEG PAGE64KP
                  @@CNSTL  r_cg_wdt   00002H    00000H
         @@CNSTL                      00002H    00000H  CSEG PAGE64KP
                  @@CNSTL  r_cg_wdt_user
                                      00002H    00000H
         @@RLINIT                     00002H    00000H  CSEG UNIT64KP
                  @@RLINIT @cstart    00002H    00000H
                  @@RLINIT r_main     00002H    00000H
                  @@RLINIT r_systeminit
                                      00002H    00000H
                  @@RLINIT r_cg_cgc   00002H    00000H
                  @@RLINIT r_cg_cgc_user
                                      00002H    00000H
                  @@RLINIT r_cg_port
                                      00002H    00000H
                  @@RLINIT r_cg_port_user
                                      00002H    00000H
                  @@RLINIT r_cg_intc
                                      00002H    00000H
                  @@RLINIT r_cg_intc_user
                                      00002H    00000H
                  @@RLINIT r_cg_serial
                                      00002H    00000H
                  @@RLINIT r_cg_serial_user
                                      00002H    00000H
                  @@RLINIT r_cg_timer
                                      00002H    00000H
                  @@RLINIT r_cg_timer_user
                                      00002H    00000H
                  @@RLINIT r_cg_wdt   00002H    00000H
                  @@RLINIT r_cg_wdt_user
                                      00002H    00000H
                  @@RLINIT Application
                                      00002H    00000H
                  @@RLINIT @rom       00002H    00000H
         @@R_INIS                     00002H    00000H  CSEG UNIT64KP
                  @@R_INIS @cstart    00002H    00000H
                  @@R_INIS r_main     00002H    00000H
                  @@R_INIS r_systeminit
                                      00002H    00000H
                  @@R_INIS r_cg_cgc   00002H    00000H
                  @@R_INIS r_cg_cgc_user
                                      00002H    00000H
                  @@R_INIS r_cg_port
                                      00002H    00000H
                  @@R_INIS r_cg_port_user
                                      00002H    00000H
                  @@R_INIS r_cg_intc
                                      00002H    00000H
                  @@R_INIS r_cg_intc_user
                                      00002H    00000H
                  @@R_INIS r_cg_serial
                                      00002H    00000H
                  @@R_INIS r_cg_serial_user
                                      00002H    00000H
                  @@R_INIS r_cg_timer
                                      00002H    00000H
                  @@R_INIS r_cg_timer_user
                                      00002H    00000H
                  @@R_INIS r_cg_wdt   00002H    00000H
                  @@R_INIS r_cg_wdt_user
                                      00002H    00000H
                  @@R_INIS Application
                                      00002H    00000H
                  @@R_INIS @rom       00002H    00000H
         @@CALT                       00002H    00000H  CSEG
                  @@CALT   @cstart    00002H    00000H
                  @@CALT   r_main     00002H    00000H
                  @@CALT   r_systeminit
                                      00002H    00000H
                  @@CALT   r_cg_cgc   00002H    00000H
                  @@CALT   r_cg_cgc_user
                                      00002H    00000H
                  @@CALT   r_cg_port
                                      00002H    00000H
                  @@CALT   r_cg_port_user
                                      00002H    00000H
                  @@CALT   r_cg_intc
                                      00002H    00000H
                  @@CALT   r_cg_intc_user
                                      00002H    00000H
                  @@CALT   r_cg_serial
                                      00002H    00000H
                  @@CALT   r_cg_serial_user
                                      00002H    00000H
                  @@CALT   r_cg_timer
                                      00002H    00000H
                  @@CALT   r_cg_timer_user
                                      00002H    00000H
                  @@CALT   r_cg_wdt   00002H    00000H
                  @@CALT   r_cg_wdt_user
                                      00002H    00000H
                  @@CALT   Application
                                      00002H    00000H
         ??NMIROM                     00002H    00002H  CSEG
         @@VECT04                     00004H    00002H  CSEG AT
                  @@VECT04 r_cg_wdt_user
                                      00004H    00002H
         @@CNSTL                      00006H    00002H  CSEG PAGE64KP
                  @@CNSTL  Application
                                      00006H    00002H
* gap *                               00008H    00002H
         @@VECT0A                     0000AH    00002H  CSEG AT
                  @@VECT0A r_cg_intc_user
                                      0000AH    00002H
* gap *                               0000CH    00018H
         @@VECT24                     00024H    00006H  CSEG AT
                  @@VECT24 r_cg_serial_user
                                      00024H    00006H
* gap *                               0002AH    00002H
         @@VECT2C                     0002CH    00002H  CSEG AT
                  @@VECT2C r_cg_timer_user
                                      0002CH    00002H
         @@R_INIT                     0002EH    00036H  CSEG UNIT64KP
                  @@R_INIT @cstart    0002EH    00000H
                  @@R_INIT r_main     0002EH    00000H
                  @@R_INIT r_systeminit
                                      0002EH    00000H
                  @@R_INIT r_cg_cgc   0002EH    00000H
                  @@R_INIT r_cg_cgc_user
                                      0002EH    00000H
                  @@R_INIT r_cg_port
                                      0002EH    00000H
                  @@R_INIT r_cg_port_user
                                      0002EH    00000H
                  @@R_INIT r_cg_intc
                                      0002EH    00000H
                  @@R_INIT r_cg_intc_user
                                      0002EH    00000H
                  @@R_INIT r_cg_serial
                                      0002EH    00000H
                  @@R_INIT r_cg_serial_user
                                      0002EH    00000H
                  @@R_INIT r_cg_timer
                                      0002EH    00000H
                  @@R_INIT r_cg_timer_user
                                      0002EH    00000H
                  @@R_INIT r_cg_wdt   0002EH    00000H
                  @@R_INIT r_cg_wdt_user
                                      0002EH    00000H
                  @@R_INIT Application
                                      0002EH    00036H
                  @@R_INIT @rom       00064H    00000H
* gap *                               00064H    0005CH
         ?CSEGOB0                     000C0H    00004H  CSEG OPT_BYTE
         @@CODE                       000C4H    00000H  CSEG BASE
                  @@CODE   r_main     000C4H    00000H
                  @@CODE   r_systeminit
                                      000C4H    00000H
                  @@CODE   r_cg_cgc   000C4H    00000H
                  @@CODE   r_cg_cgc_user
                                      000C4H    00000H
                  @@CODE   r_cg_port
                                      000C4H    00000H
                  @@CODE   r_cg_port_user
                                      000C4H    00000H
                  @@CODE   r_cg_intc
                                      000C4H    00000H
                  @@CODE   r_cg_intc_user
                                      000C4H    00000H
                  @@CODE   r_cg_serial
                                      000C4H    00000H
                  @@CODE   r_cg_serial_user
                                      000C4H    00000H
                  @@CODE   r_cg_timer
                                      000C4H    00000H
                  @@CODE   r_cg_timer_user
                                      000C4H    00000H
                  @@CODE   r_cg_wdt   000C4H    00000H
                  @@CODE   r_cg_wdt_user
                                      000C4H    00000H
                  @@CODE   Application
                                      000C4H    00000H
         ?CSEGSI                      000C4H    0000AH  CSEG
         ?OCDSTAD                     000CEH    0000AH  CSEG
         @@LCODE                      000D8H    000ACH  CSEG BASE
                  @@LCODE  @cstart    000D8H    000ACH
         @@BASE                       00184H    000F5H  CSEG BASE
                  @@BASE   r_main     00184H    00000H
                  @@BASE   r_systeminit
                                      00184H    00000H
                  @@BASE   r_cg_cgc   00184H    00000H
                  @@BASE   r_cg_cgc_user
                                      00184H    00000H
                  @@BASE   r_cg_port
                                      00184H    00000H
                  @@BASE   r_cg_port_user
                                      00184H    00000H
                  @@BASE   r_cg_intc
                                      00184H    00000H
                  @@BASE   r_cg_intc_user
                                      00184H    00011H
                  @@BASE   r_cg_serial
                                      00195H    00000H
                  @@BASE   r_cg_serial_user
                                      00195H    000E0H
                  @@BASE   r_cg_timer
                                      00275H    00000H
                  @@BASE   r_cg_timer_user
                                      00275H    00002H
                  @@BASE   r_cg_wdt   00277H    00000H
                  @@BASE   r_cg_wdt_user
                                      00277H    00002H
                  @@BASE   Application
                                      00279H    00000H
         @@CODEL                      00279H    00302H  CSEG
                  @@CODEL  r_main     00279H    00030H
                  @@CODEL  r_systeminit
                                      002A9H    0002BH
                  @@CODEL  r_cg_cgc   002D4H    00010H
                  @@CODEL  r_cg_cgc_user
                                      002E4H    00005H
                  @@CODEL  r_cg_port
                                      002E9H    00006H
                  @@CODEL  r_cg_port_user
                                      002EFH    00000H
                  @@CODEL  r_cg_intc
                                      002EFH    00042H
                  @@CODEL  r_cg_intc_user
                                      00331H    00000H
                  @@CODEL  r_cg_serial
                                      00331H    00164H
                  @@CODEL  r_cg_serial_user
                                      00495H    00006H
                  @@CODEL  r_cg_timer
                                      0049BH    00091H
                  @@CODEL  r_cg_timer_user
                                      0052CH    00000H
                  @@CODEL  r_cg_wdt   0052CH    00014H
                  @@CODEL  r_cg_wdt_user
                                      00540H    00000H
                  @@CODEL  Application
                                      00540H    0003BH
         @@LCODEL                     0057BH    0001CH  CSEG
                  @@LCODEL exit       0057BH    0001CH
* gap *                               00597H    01869H
         ??OCDROM                     01E00H    00200H  CSEG

  MEMORY=RAM
  BASE ADDRESS=FFC00H   SIZE=00400H
         OUTPUT   INPUT    INPUT      BASE      SIZE
         SEGMENT  SEGMENT  MODULE     ADDRESS
         @@DATA                       FFC00H    000C4H  DSEG BASEP
                  @@DATA   @cstart    FFC00H    000BAH
                  @@DATA   r_main     FFCBAH    00000H
                  @@DATA   r_systeminit
                                      FFCBAH    00000H
                  @@DATA   r_cg_cgc   FFCBAH    00000H
                  @@DATA   r_cg_cgc_user
                                      FFCBAH    00000H
                  @@DATA   r_cg_port
                                      FFCBAH    00000H
                  @@DATA   r_cg_port_user
                                      FFCBAH    00000H
                  @@DATA   r_cg_intc
                                      FFCBAH    00000H
                  @@DATA   r_cg_intc_user
                                      FFCBAH    00000H
                  @@DATA   r_cg_serial
                                      FFCBAH    0000AH
                  @@DATA   r_cg_serial_user
                                      FFCC4H    00000H
                  @@DATA   r_cg_timer
                                      FFCC4H    00000H
                  @@DATA   r_cg_timer_user
                                      FFCC4H    00000H
                  @@DATA   r_cg_wdt   FFCC4H    00000H
                  @@DATA   r_cg_wdt_user
                                      FFCC4H    00000H
                  @@DATA   Application
                                      FFCC4H    00000H
                  @@DATA   @rom       FFCC4H    00000H
         @@INIT                       FFCC4H    00036H  DSEG BASEP
                  @@INIT   @cstart    FFCC4H    00000H
                  @@INIT   r_main     FFCC4H    00000H
                  @@INIT   r_systeminit
                                      FFCC4H    00000H
                  @@INIT   r_cg_cgc   FFCC4H    00000H
                  @@INIT   r_cg_cgc_user
                                      FFCC4H    00000H
                  @@INIT   r_cg_port
                                      FFCC4H    00000H
                  @@INIT   r_cg_port_user
                                      FFCC4H    00000H
                  @@INIT   r_cg_intc
                                      FFCC4H    00000H
                  @@INIT   r_cg_intc_user
                                      FFCC4H    00000H
                  @@INIT   r_cg_serial
                                      FFCC4H    00000H
                  @@INIT   r_cg_serial_user
                                      FFCC4H    00000H
                  @@INIT   r_cg_timer
                                      FFCC4H    00000H
                  @@INIT   r_cg_timer_user
                                      FFCC4H    00000H
                  @@INIT   r_cg_wdt   FFCC4H    00000H
                  @@INIT   r_cg_wdt_user
                                      FFCC4H    00000H
                  @@INIT   Application
                                      FFCC4H    00036H
                  @@INIT   @rom       FFCFAH    00000H
         @@INIS                       FFCFAH    00000H  DSEG UNITP
                  @@INIS   @cstart    FFCFAH    00000H
                  @@INIS   r_main     FFCFAH    00000H
                  @@INIS   r_systeminit
                                      FFCFAH    00000H
                  @@INIS   r_cg_cgc   FFCFAH    00000H
                  @@INIS   r_cg_cgc_user
                                      FFCFAH    00000H
                  @@INIS   r_cg_port
                                      FFCFAH    00000H
                  @@INIS   r_cg_port_user
                                      FFCFAH    00000H
                  @@INIS   r_cg_intc
                                      FFCFAH    00000H
                  @@INIS   r_cg_intc_user
                                      FFCFAH    00000H
                  @@INIS   r_cg_serial
                                      FFCFAH    00000H
                  @@INIS   r_cg_serial_user
                                      FFCFAH    00000H
                  @@INIS   r_cg_timer
                                      FFCFAH    00000H
                  @@INIS   r_cg_timer_user
                                      FFCFAH    00000H
                  @@INIS   r_cg_wdt   FFCFAH    00000H
                  @@INIS   r_cg_wdt_user
                                      FFCFAH    00000H
                  @@INIS   Application
                                      FFCFAH    00000H
                  @@INIS   @rom       FFCFAH    00000H
         @@DATS                       FFCFAH    00000H  DSEG UNITP
                  @@DATS   @cstart    FFCFAH    00000H
                  @@DATS   r_main     FFCFAH    00000H
                  @@DATS   r_systeminit
                                      FFCFAH    00000H
                  @@DATS   r_cg_cgc   FFCFAH    00000H
                  @@DATS   r_cg_cgc_user
                                      FFCFAH    00000H
                  @@DATS   r_cg_port
                                      FFCFAH    00000H
                  @@DATS   r_cg_port_user
                                      FFCFAH    00000H
                  @@DATS   r_cg_intc
                                      FFCFAH    00000H
                  @@DATS   r_cg_intc_user
                                      FFCFAH    00000H
                  @@DATS   r_cg_serial
                                      FFCFAH    00000H
                  @@DATS   r_cg_serial_user
                                      FFCFAH    00000H
                  @@DATS   r_cg_timer
                                      FFCFAH    00000H
                  @@DATS   r_cg_timer_user
                                      FFCFAH    00000H
                  @@DATS   r_cg_wdt   FFCFAH    00000H
                  @@DATS   r_cg_wdt_user
                                      FFCFAH    00000H
                  @@DATS   Application
                                      FFCFAH    00000H
                  @@DATS   @rom       FFCFAH    00000H
         @@INITL                      FFCFAH    00000H  DSEG UNIT64KP
                  @@INITL  @cstart    FFCFAH    00000H
                  @@INITL  r_main     FFCFAH    00000H
                  @@INITL  r_systeminit
                                      FFCFAH    00000H
                  @@INITL  r_cg_cgc   FFCFAH    00000H
                  @@INITL  r_cg_cgc_user
                                      FFCFAH    00000H
                  @@INITL  r_cg_port
                                      FFCFAH    00000H
                  @@INITL  r_cg_port_user
                                      FFCFAH    00000H
                  @@INITL  r_cg_intc
                                      FFCFAH    00000H
                  @@INITL  r_cg_intc_user
                                      FFCFAH    00000H
                  @@INITL  r_cg_serial
                                      FFCFAH    00000H
                  @@INITL  r_cg_serial_user
                                      FFCFAH    00000H
                  @@INITL  r_cg_timer
                                      FFCFAH    00000H
                  @@INITL  r_cg_timer_user
                                      FFCFAH    00000H
                  @@INITL  r_cg_wdt   FFCFAH    00000H
                  @@INITL  r_cg_wdt_user
                                      FFCFAH    00000H
                  @@INITL  Application
                                      FFCFAH    00000H
                  @@INITL  @rom       FFCFAH    00000H
         @@DATAL                      FFCFAH    00000H  DSEG UNIT64KP
                  @@DATAL  @cstart    FFCFAH    00000H
                  @@DATAL  r_main     FFCFAH    00000H
                  @@DATAL  r_systeminit
                                      FFCFAH    00000H
                  @@DATAL  r_cg_cgc   FFCFAH    00000H
                  @@DATAL  r_cg_cgc_user
                                      FFCFAH    00000H
                  @@DATAL  r_cg_port
                                      FFCFAH    00000H
                  @@DATAL  r_cg_port_user
                                      FFCFAH    00000H
                  @@DATAL  r_cg_intc
                                      FFCFAH    00000H
                  @@DATAL  r_cg_intc_user
                                      FFCFAH    00000H
                  @@DATAL  r_cg_serial
                                      FFCFAH    00000H
                  @@DATAL  r_cg_serial_user
                                      FFCFAH    00000H
                  @@DATAL  r_cg_timer
                                      FFCFAH    00000H
                  @@DATAL  r_cg_timer_user
                                      FFCFAH    00000H
                  @@DATAL  r_cg_wdt   FFCFAH    00000H
                  @@DATAL  r_cg_wdt_user
                                      FFCFAH    00000H
                  @@DATAL  Application
                                      FFCFAH    00000H
                  @@DATAL  @rom       FFCFAH    00000H
         @@BITS                       FFCFAH    00000H  BSEG
                  @@BITS   @cstart    FFCFAH.0  00000H.0
                  @@BITS   r_main     FFCFAH.0  00000H.0
                  @@BITS   r_systeminit
                                      FFCFAH.0  00000H.0
                  @@BITS   r_cg_cgc   FFCFAH.0  00000H.0
                  @@BITS   r_cg_cgc_user
                                      FFCFAH.0  00000H.0
                  @@BITS   r_cg_port
                                      FFCFAH.0  00000H.0
                  @@BITS   r_cg_port_user
                                      FFCFAH.0  00000H.0
                  @@BITS   r_cg_intc
                                      FFCFAH.0  00000H.0
                  @@BITS   r_cg_intc_user
                                      FFCFAH.0  00000H.0
                  @@BITS   r_cg_serial
                                      FFCFAH.0  00000H.0
                  @@BITS   r_cg_serial_user
                                      FFCFAH.0  00000H.0
                  @@BITS   r_cg_timer
                                      FFCFAH.0  00000H.0
                  @@BITS   r_cg_timer_user
                                      FFCFAH.0  00000H.0
                  @@BITS   r_cg_wdt   FFCFAH.0  00000H.0
                  @@BITS   r_cg_wdt_user
                                      FFCFAH.0  00000H.0
                  @@BITS   Application
                                      FFCFAH.0  00000H.0
* gap *                               FFCFAH    001DAH
         @@SEGREG                     FFED4H    00004H  DSEG AT
                  @@SEGREG @SEGREG    FFED4H    00004H
         @@RTARG0                     FFED8H    00008H  DSEG AT
                  @@RTARG0 @RTARG0    FFED8H    00008H
* gap *                               FFEE0H    00020H
* gap (Not Free Area) *               FFF00H    00100H


 Target chip : R5F102A8
 Device file : V1.00
